time=2026-08-21T10:05:22.745-05:00 level=INFO msg="hangar work: starting" version=v1.0.0-rc2-24-gce88bb4 commit=ce88bb4
time=2026-08-21T10:05:22.759-05:00 level=INFO msg="hangar: metrics listening" addr=127.0.0.1:9402
time=2026-08-21T10:05:22.837-05:00 level=INFO msg="alerting: threshold evaluator disabled (HANGAR_ALERT_THRESHOLD_INTERVAL is empty or zero) — §4.4's four threshold alerts will never fire on this installation"
time=2026-08-21T10:05:23.833-05:00 level=INFO msg="governor1: mode transition" component=esi.ratelimit.governor1 from=solo to=clustered live_replicas=3
time=2026-08-21T10:22:25.843-05:00 level=INFO msg="governor2: resume" component=esi.ratelimit.governor2 remaining=100 threshold=60 note="the error budget window elapsed or recovered while paused; no request was needed to notice"
time=2026-08-21T10:22:25.844-05:00 level=INFO msg="governor2: resume" component=esi.ratelimit.governor2 remaining=100 threshold=60 note="the error budget window elapsed or recovered while paused; no request was needed to notice"
time=2026-08-21T10:22:25.846-05:00 level=INFO msg="governor2: resume" component=esi.ratelimit.governor2 remaining=100 threshold=60 note="the error budget window elapsed or recovered while paused; no request was needed to notice"
time=2026-08-21T10:22:25.848-05:00 level=INFO msg="governor2: resume" component=esi.ratelimit.governor2 remaining=100 threshold=60 note="the error budget window elapsed or recovered while paused; no request was needed to notice"
time=2026-08-21T10:22:25.850-05:00 level=INFO msg="governor2: resume" component=esi.ratelimit.governor2 remaining=100 threshold=60 note="the error budget window elapsed or recovered while paused; no request was needed to notice"
time=2026-08-21T10:22:25.852-05:00 level=INFO msg="governor2: resume" component=esi.ratelimit.governor2 remaining=100 threshold=60 note="the error budget window elapsed or recovered while paused; no request was needed to notice"
time=2026-08-21T10:22:25.856-05:00 level=INFO msg="governor2: resume" component=esi.ratelimit.governor2 remaining=99 threshold=60 note="the error budget window elapsed or recovered while paused; no request was needed to notice"
time=2026-08-21T10:22:25.857-05:00 level=INFO msg="governor2: resume" component=esi.ratelimit.governor2 remaining=99 threshold=60 note="the error budget window elapsed or recovered while paused; no request was needed to notice"
time=2026-08-21T10:22:25.861-05:00 level=INFO msg="governor2: resume" component=esi.ratelimit.governor2 remaining=99 threshold=60 note="the error budget window elapsed or recovered while paused; no request was needed to notice"
time=2026-08-21T10:22:25.863-05:00 level=INFO msg="governor2: resume" component=esi.ratelimit.governor2 remaining=99 threshold=60 note="the error budget window elapsed or recovered while paused; no request was needed to notice"
time=2026-08-21T10:22:25.872-05:00 level=INFO msg="governor2: resume" component=esi.ratelimit.governor2 remaining=97 threshold=60 note="the error budget window elapsed or recovered while paused; no request was needed to notice"
time=2026-08-21T10:22:25.875-05:00 level=INFO msg="governor2: resume" component=esi.ratelimit.governor2 remaining=97 threshold=60 note="the error budget window elapsed or recovered while paused; no request was needed to notice"
time=2026-08-21T10:22:25.876-05:00 level=INFO msg="governor2: resume" component=esi.ratelimit.governor2 remaining=97 threshold=60 note="the error budget window elapsed or recovered while paused; no request was needed to notice"
time=2026-08-21T10:22:25.880-05:00 level=INFO msg="governor2: resume" component=esi.ratelimit.governor2 remaining=96 threshold=60 note="the error budget window elapsed or recovered while paused; no request was needed to notice"
time=2026-08-21T10:22:25.883-05:00 level=INFO msg="governor2: resume" component=esi.ratelimit.governor2 remaining=96 threshold=60 note="the error budget window elapsed or recovered while paused; no request was needed to notice"
time=2026-08-21T12:06:53.289-05:00 level=INFO msg="hangar work: starting" version=v1.0.0-rc2-24-gce88bb4 commit=ce88bb4
time=2026-08-21T12:06:53.304-05:00 level=INFO msg="hangar: metrics listening" addr=127.0.0.1:9402
time=2026-08-21T12:06:53.400-05:00 level=INFO msg="alerting: threshold evaluator disabled (HANGAR_ALERT_THRESHOLD_INTERVAL is empty or zero) — §4.4's four threshold alerts will never fire on this installation"
time=2026-08-21T12:06:54.656-05:00 level=INFO msg="governor1: mode transition" component=esi.ratelimit.governor1 from=solo to=clustered live_replicas=3
